[Bootstrap]
SetupTitle=Install
SetupText=Copying Files, please stand by.
CabFile=uprsx.CAB
Spawn=Setup1.exe
Uninstal=st6unst.exe
TmpDir=msftqws.pdw
Cabs=1

[Bootstrap Files]
File1=@VB6STKIT.DLL,$(WinSysPathSysFile),,,7/15/00 12:00:00 AM,101888,6.0.84.50
File2=@COMCAT.DLL,$(WinSysPathSysFile),$(DLLSelfRegister),,5/31/98 12:00:00 AM,22288,4.71.1460.1
File3=@stdole2.tlb,$(WinSysPathSysFile),$(TLBRegister),,4/1/24 2:22:12 AM,18432,6.2.26100.1
File4=@asycfilt.dll,$(WinSysPathSysFile),,,4/1/24 2:22:14 AM,77312,6.2.26100.1
File5=@olepro32.dll,$(WinSysPathSysFile),$(DLLSelfRegister),,7/14/26 12:32:18 PM,130048,6.2.26100.8875
File6=@oleaut32.dll,$(WinSysPathSysFile),$(DLLSelfRegister),,7/14/26 12:32:18 PM,648336,6.2.26100.8875
File7=@msvbvm60.dll,$(WinSysPathSysFile),$(DLLSelfRegister),,4/1/24 2:22:14 AM,1436032,6.0.98.48

[IconGroups]
Group0=UPRSx
PrivateGroup0=False
Parent0=$(Programs)

[UPRSx]
Icon1="uprsx.exe"
Title1=UPRSx
StartIn1=$(AppPath)

[Setup]
Title=UPRSx
DefaultDir=$(ProgramFiles)\UPRSx
AppExe=uprsx.exe
AppToUninstall=uprsx.exe

[Setup1 Files]
File1=@default.set,$(AppPath),,,7/22/26 11:39:25 AM,441,0.0.0.0
File2=@xTest.db,$(AppPath),,,7/21/26 2:35:07 PM,8192,0.0.0.0
File3=@RegisterRC6inPlace.vbs,$(AppPath),,,7/20/26 5:07:02 PM,577,0.0.0.0
File4=@RC6Widgets.dll,$(AppPath),$(DLLSelfRegister),$(Shared),7/20/26 5:07:02 PM,880640,6.0.0.1
File5=@cairo_sqlite.dll,$(AppPath),,$(Shared),7/20/26 5:07:01 PM,4047360,0.0.0.0
File6=@DirectCOM.dll,$(AppPath),,$(Shared),7/20/26 5:07:01 PM,23552,0.0.0.0
File7=@xMaps.zip,$(AppPath)\maps,,,7/21/26 4:47:19 PM,40502908,0.0.0.0
File8=@xWav.zip,$(AppPath)\wav,,,5/27/10 9:08:20 AM,7641,0.0.0.0
File9=@xTemp.zip,$(AppPath)\xData,,,7/22/26 11:34:18 AM,1070606,0.0.0.0
File10=@xHistory.mdb,$(AppPath),,,7/22/26 11:30:46 AM,208896,0.0.0.0
File11=@xWeather.mdb,$(AppPath),,,7/22/26 11:31:34 AM,618496,0.0.0.0
File12=@initkan.tnc,$(AppPath),,,1/3/00 5:39:30 PM,1082,0.0.0.0
File13=@initd700.tnc,$(AppPath),,,7/18/10 10:42:42 AM,380,0.0.0.0
File14=@initkpc3.tnc,$(AppPath),,,8/28/97 3:24:12 AM,619,0.0.0.0
File15=@UPRSx.mdb,$(AppPath),,,7/22/26 11:30:03 AM,4096000,0.0.0.0
File16=@xData.mdb,$(AppPath),,$(Shared),7/22/26 11:26:05 AM,499712,0.0.0.0
File17=@javAPRSFilter.txt,$(AppPath),,,8/23/06 5:54:30 PM,12479,0.0.0.0
File18=@symbols.icl,$(AppPath),,,2/14/10 8:41:27 PM,242000,0.0.0.0
File19=@MSINET.Ocx,$(WinSysPath),$(DLLSelfRegister),$(Shared),3/24/09 12:52:32 PM,136008,6.1.98.16
File20=@MSWINSCK.ocx,$(WinSysPath),$(DLLSelfRegister),$(Shared),2/16/10 4:22:44 PM,126800,6.1.98.17
File21=@RICHED32.DLL,$(WinSysPathSysFile),,,5/7/98 12:00:00 AM,174352,4.0.993.4
File22=@richtx32.Ocx,$(WinSysPath),$(DLLSelfRegister),$(Shared),3/24/09 12:52:36 PM,218432,6.1.98.16
File23=@TabCtl32.Ocx,$(WinSysPath),$(DLLSelfRegister),$(Shared),3/24/09 12:52:36 PM,221504,6.1.98.16
File24=@MSComm32.Ocx,$(WinSysPath),$(DLLSelfRegister),$(Shared),3/24/09 12:52:30 PM,119616,6.1.98.16
File25=@MSCOMCTL.OCX,$(WinSysPath),$(DLLSelfRegister),$(Shared),5/2/12 12:17:12 PM,1070152,6.1.98.34
File26=@RC6.dll,$(WinSysPath),,$(Shared),7/20/26 5:07:02 PM,4476416,6.0.0.15
File27=@msado28.tlb,$(WinSysPath),,$(Shared),4/1/24 2:22:19 AM,70656,6.2.26100.1
File28=@msxml6.dll,$(WinSysPath),$(DLLSelfRegister),$(Shared),7/14/26 12:32:18 PM,1831648,6.30.26100.8875
File29=@vbzip10.dll,$(WinSysPath),,$(Shared),12/9/99 12:19:48 PM,147456,1.1.0.0
File30=@vbuzip10.dll,$(WinSysPath),,$(Shared),12/2/98 10:11:02 AM,143360,1.1.0.0
File31=@GdiPlus.dll,$(WinSysPath),,$(Shared),7/11/26 1:40:12 AM,1542144,6.2.26100.8875
File32=@B2L.dll,$(AppPath),,,5/25/01 4:56:38 PM,49152,0.0.0.0
File33=@comctl32.dll,$(AppPath),,$(Shared),6/6/26 6:56:32 AM,584664,5.82.26100.8521
File34=@uprsx.exe,$(AppPath),,,7/22/26 11:58:12 AM,3563520,2.4.0.908

; The following lines may be deleted in order to obtain extra 
; space for customizing this file on a full installation diskette.
; 
; XXXXXXXXXXXXXXXXXXXXXXXXXXXXXXXXXXXXXXXXXXXXXXXXXXXXXXXXXXXX
; XXXXXXXXXXXXXXXXXXXXXXXXXXXXXXXXXXXXXXXXXXXXXXXXXXXXXXXXXXXX
; XXXXXXXXXXXXXXXXXXXXXXXXXXXXXXXXXXXXXXXXXXXXXXXXXXXXXXXXXXXX
; XXXXXXXXXXXXXXXXXXXXXXXXXXXXXXXXXXXXXXXXXXXXXXXXXXXXXXXXXXXX
; XXXXXXXXXXXXXXXXXXXXXXXXXXXXXXXXXXXXXXXXXXXXXXXXXXXXXXXXXXXX
; XXXXXXXXXXXXXXXXXXXXXXXXXXXXXXXXXXXXXXXXXXXXXXXXXXXXXXXXXXXX
; XXXXXXXXXXXXXXXXXXXXXXXXXXXXXXXXXXXXXXXXXXXXXXXXXXXXXXXXXXXX
; XXXXXXXXXXXXXXXXXXXXXXXXXXXXXXXXXXXXXXXXXXXXXXXXXXXXXXXXXXXX
; XXXXXXXXXXXXXXXXXXXXXXXXXXXXXXXXXXXXXXXXXXXXXXXXXXXXXXXXXXXX
; XXXXXXXXXXXXXXXXXXXXXXXXXXXXXXXXXXXXXXXXXXXXXXXXXXXXXXXXXXXX
; XXXXXXXXXXXXXXXXXXXXXXXXXXXXXXXXXXXXXXXXXXXXXXXXXXXXXXXXXXXX
; XXXXXXXXXXXXXXXXXXXXXXXXXXXXXXXXXXXXXXXXXXXXXXXXXXXXXXXXXXXX
; XXXXXXXXXXXXXXXXXXXXXXXXXXXXXXXXXXXXXXXXXXXXXXXXXXXXXXXXXXXX
; XXXXXXXXXXXXXXXXXXXXXXXXXXXXXXXXXXXXXXXXXXXXXXXXXXXXXXXXXXXX
; XXXXXXXXXXXXXXXXXXXXXXXXXXXXXXXXXXXXXXXXXXXXXXXXXXXXXXXXXXXX
; XXXXXXXXXXXXXXXXXXXXXXXXXXXXXXXXXXXXXXXXXXXXXXXXXXXXXXXXXXXX
; XXXXXXXXXXXXXXXXXXXXXXXXXXXXXXXXXXXXXXXXXXXXXXXXXXXXXXXXXXXX
; XXXXXXXXXXXXXXXXXXXXXXXXXXXXXXXXXXXXXXXXXXXXXXXXXXXXXXXXXXXX
; XXXXXXXXXXXXXXXXXXXXXXXXXXXXXXXXXXXXXXXXXXXXXXXXXXXXXXXXXXXX
; XXXXXXXXXXXXXXXXXXXXXXXXXXXXXXXXXXXXXXXXXXXXXXXXXXXXXXXXXXXX
; XXXXXXXXXXXXXXXXXXXXXXXXXXXXXXXXXXXXXXXXXXXXXXXXXXXXXXXXXXXX
; XXXXXXXXXXXXXXXXXXXXXXXXXXXXXXXXXXXXXXXXXXXXXXXXXXXXXXXXXXXX
; XXXXXXXXXXXXXXXXXXXXXXXXXXXXXXXXXXXXXXXXXXXXXXXXXXXXXXXXXXXX
; XXXXXXXXXXXXXXXXXXXXXXXXXXXXXXXXXXXXXXXXXXXXXXXXXXXXXXXXXXXX
; XXXXXXXXXXXXXXXXXXXXXXXXXXXXXXXXXXXXXXXXXXXXXXXXXXXXXXXXXXXX
; XXXXXXXXXXXXXXXXXXXXXXXXXXXXXXXXXXXXXXXXXXXXXXXXXXXXXXXXXXXX
; XXXXXXXXXXXXXXXXXXXXXXXXXXXXXXXXXXXXXXXXXXXXXXXXXXXXXXXXXXXX
; XXXXXXXXXXXXXXXXXXXXXXXXXXXXXXXXXXXXXXXXXXXXXXXXXXXXXXXXXXXX
; XXXXXXXXXXXXXXXXXXXXXXXXXXXXXXXXXXXXXXXXXXXXXXXXXXXXXXXXXXXX
; XXXXXXXXXXXXXXXXXXXXXXXXXXXXXXXXXXXXXXXXXXXXXXXXXXXXXXXXXXXX
; XXXXXXXXXXXXXXXXXXXXXXXXXXXXXXXXXXXXXXXXXXXXXXXXXXXXXXXXXXXX
; XXXXXXXXXXXXXXXXXXXXXXXXXXXXXXXXXXXXXXXXXXXXXXXXXXXXXXXXXXXX
; XXXXXXXXXXXXXXXXXXXXXXXXXXXXXXXXXXXXXXXXXXXXXXXXXXXXXXXXXXXX
; XXXXXXXXXXXXXXXXXXXXXXXXXXXXXXXXXXXXXXXXXXXXXXXXXXXXXXXXXXXX
; XXXXXXXXXXXXXXXXXXXXXXXXXXXXXXXXXXXXXXXXXXXXXXXXXXXXXXXXXXXX
